[1/36] alpha=2.5 sigma=1.6 lam=1e-04: 8/8 economies (1.7 min)
[2/36] alpha=2.5 sigma=1.6 lam=1e-03: 8/8 economies (3.4 min)
[3/36] alpha=2.5 sigma=1.6 lam=1e-02: 8/8 economies (5.5 min)
[4/36] alpha=2.5 sigma=1.75 lam=1e-04: 8/8 economies (8.5 min)
[5/36] alpha=2.5 sigma=1.75 lam=1e-03: 8/8 economies (11.5 min)
[6/36] alpha=2.5 sigma=1.75 lam=1e-02: 8/8 economies (14.4 min)
[7/36] alpha=2.5 sigma=1.9 lam=1e-04: 8/8 economies (19.9 min)
[8/36] alpha=2.5 sigma=1.9 lam=1e-03: 8/8 economies (25.9 min)
[9/36] alpha=2.5 sigma=1.9 lam=1e-02: 8/8 economies (31.4 min)
[10/36] alpha=3.0 sigma=1.6 lam=1e-04: 8/8 economies (33.8 min)
[11/36] alpha=3.0 sigma=1.6 lam=1e-03: 8/8 economies (36.2 min)
[12/36] alpha=3.0 sigma=1.6 lam=1e-02: 8/8 economies (38.7 min)
[13/36] alpha=3.0 sigma=1.75 lam=1e-04: 8/8 economies (42.3 min)
[14/36] alpha=3.0 sigma=1.75 lam=1e-03: 8/8 economies (45.7 min)
[15/36] alpha=3.0 sigma=1.75 lam=1e-02: 8/8 economies (49.0 min)
[16/36] alpha=3.0 sigma=1.9 lam=1e-04: 8/8 economies (54.5 min)
[17/36] alpha=3.0 sigma=1.9 lam=1e-03: 8/8 economies (59.7 min)
[18/36] alpha=3.0 sigma=1.9 lam=1e-02: 8/8 economies (64.6 min)
[19/36] alpha=3.5 sigma=1.6 lam=1e-04: 8/8 economies (68.1 min)
[20/36] alpha=3.5 sigma=1.6 lam=1e-03: 8/8 economies (71.0 min)
[21/36] alpha=3.5 sigma=1.6 lam=1e-02: 8/8 economies (72.2 min)
[22/36] alpha=3.5 sigma=1.75 lam=1e-04: 8/8 economies (73.5 min)
[23/36] alpha=3.5 sigma=1.75 lam=1e-03: 8/8 economies (75.1 min)
[24/36] alpha=3.5 sigma=1.75 lam=1e-02: 8/8 economies (76.8 min)
[25/36] alpha=3.5 sigma=1.9 lam=1e-04: 8/8 economies (79.2 min)
[26/36] alpha=3.5 sigma=1.9 lam=1e-03: 8/8 economies (81.6 min)
[27/36] alpha=3.5 sigma=1.9 lam=1e-02: 8/8 economies (83.9 min)
[28/36] alpha=6.0 sigma=1.6 lam=1e-04: 8/8 economies (85.4 min)
[29/36] alpha=6.0 sigma=1.6 lam=1e-03: 8/8 economies (86.7 min)
[30/36] alpha=6.0 sigma=1.6 lam=1e-02: 8/8 economies (88.2 min)
[31/36] alpha=6.0 sigma=1.75 lam=1e-04: 8/8 economies (90.1 min)
[32/36] alpha=6.0 sigma=1.75 lam=1e-03: 8/8 economies (92.0 min)
[33/36] alpha=6.0 sigma=1.75 lam=1e-02: 8/8 economies (94.0 min)
[34/36] alpha=6.0 sigma=1.9 lam=1e-04: 8/8 economies (96.8 min)
[35/36] alpha=6.0 sigma=1.9 lam=1e-03: 8/8 economies (99.7 min)
[36/36] alpha=6.0 sigma=1.9 lam=1e-02: 8/8 economies (103.0 min)
spells >= 2 at T_obs=480 (dT: change since T=240); survivor = thesis estimator; * = beta in (0.15, 0.2) and ratios within 0.3 of [2.  2.6 2.9]
alpha sigma    lam  n |  beta     dT    zeta_q/zeta_1 | beta20         ratios20 | b_surv      ratios_surv |  exk churn
  2.5  1.60  1e-04  8 | 0.462 -0.028  1.71  2.12  2.41 |  0.543  1.67  2.01  2.22 |  0.741  1.95  2.80  3.54 | 15.6 0.124
  2.5  1.60  1e-03  8 | 0.555 -0.047  1.65  1.98  2.21 |  0.562  1.63  1.91  2.05 |  0.716  1.93  2.73  3.38 | 14.0 0.111
  2.5  1.60  1e-02  8 | 0.686 -0.102  1.55  1.71  1.74 |  0.829  1.56  1.71  1.73 |  0.664  1.92  2.71  3.36 | 12.4 0.085
  2.5  1.75  1e-04  8 | 0.174 -0.026  1.48  1.48  1.15 |  0.224  1.45  1.51  1.35 |  0.418  1.85  2.56  3.12 |  9.1 0.454
  2.5  1.75  1e-03  8 | 0.198 -0.025  1.49  1.48  1.14 |  0.195  1.42  1.41  1.17 |  0.414  1.87  2.58  3.15 |  7.5 0.413
  2.5  1.75  1e-02  8 | 0.204 -0.008  1.26  0.86 -0.00 |  0.136  1.28  1.10  0.67 |  0.422  1.85  2.54  3.08 |  6.8 0.315
  2.5  1.90  1e-04  8 | 0.092 -0.003  1.52  1.46  0.87 |  0.070  1.49  1.55  1.26 |  0.308  1.89  2.67  3.34 |  4.4 1.137
  2.5  1.90  1e-03  8 | 0.094 -0.012  1.36  0.96 -0.09 |  0.062  1.48  1.48  1.08 |  0.206  1.89  2.67  3.36 |  4.0 0.973
  2.5  1.90  1e-02  8 | 0.084 +0.005  1.20  0.43 -1.23 |  0.016  1.65  1.96  1.99 |  0.280  1.85  2.56  3.15 |  3.4 0.771
  3.0  1.60  1e-04  8 | 0.410 -0.019  1.66  1.97  2.06 |  0.505  1.66  1.94  2.02 |  0.806  1.97  2.86  3.67 |  9.9 0.170
  3.0  1.60  1e-03  8 | 0.506 -0.048  1.60  1.81  1.81 |  0.604  1.62  1.84  1.84 |  0.789  1.94  2.78  3.50 |  9.6 0.137
  3.0  1.60  1e-02  8 | 0.615 -0.061  1.60  1.80  1.78 |  0.722  1.59  1.78  1.74 |  0.751  1.94  2.78  3.51 |  9.7 0.098
  3.0  1.75  1e-04  8 | 0.239 +0.003  1.72  2.13  2.27 |  0.275  1.65  2.01  2.15 |  0.584  1.89  2.64  3.26 |  5.2 0.492
  3.0  1.75  1e-03  8 | 0.235 -0.015  1.71  2.07  2.10 |  0.273  1.64  1.97  2.07 |  0.598  1.89  2.66  3.32 |  5.1 0.423
  3.0  1.75  1e-02  8 | 0.306 -0.029  1.67  1.93  1.85 |  0.271  1.60  1.85  1.86 |  0.554  1.88  2.62  3.21 |  5.2 0.321
  3.0  1.90  1e-04  8 | 0.164 -0.007  1.73  2.11  2.17 |  0.175  1.73  2.21  2.49 |  0.461  1.92  2.77  3.55 |  3.9 0.872
  3.0  1.90  1e-03  8 | 0.191 -0.004  1.71  2.05  2.02 |  0.154  1.75  2.29  2.64 |  0.453  1.92  2.77  3.56 |  3.6 0.785
  3.0  1.90  1e-02  8 | 0.207 -0.008  1.70  1.99  1.84 |  0.131  1.76  2.29  2.60 |  0.387  1.89  2.66  3.33 |  3.2 0.599
  3.5  1.60  1e-04  8 | 0.428 -0.096  1.76  2.18  2.40 |  0.523  1.76  2.18  2.38 |  0.863  1.98  2.91  3.77 |  8.4 0.176
  3.5  1.60  1e-03  8 | 0.517 -0.079  1.74  2.15  2.35 |  0.610  1.77  2.23  2.47 |  0.859  1.97  2.89  3.72 |  8.4 0.141
  3.5  1.60  1e-02  8 | 0.619 -0.059  1.85  2.48  2.91 |  0.755  1.83  2.42  2.80 |  0.807  1.96  2.87  3.70 |  8.3 0.093
  3.5  1.75  1e-04  8 | 0.277 -0.044  1.78  2.31  2.61 |  0.314  1.70  2.13  2.34 |  0.693  1.92  2.74  3.44 |  4.9 0.465
  3.5  1.75  1e-03  8 | 0.319 +0.002  1.78  2.31  2.60 |  0.382  1.69  2.09  2.27 |  0.691  1.92  2.75  3.49 |  4.8 0.396
  3.5  1.75  1e-02  8 | 0.360 -0.033  1.78  2.26  2.45 |  0.348  1.67  2.05  2.22 |  0.652  1.92  2.73  3.45 |  4.6 0.294
  3.5  1.90  1e-04  8 | 0.210 +0.003  1.79  2.32  2.57 |  0.236  1.74  2.26  2.60 |  0.569  1.91  2.72  3.45 |  3.6 0.743
  3.5  1.90  1e-03  8 | 0.214 -0.003  1.80  2.31  2.54 |  0.227  1.77  2.34  2.75 |  0.570  1.94  2.81  3.63 |  3.5 0.683
  3.5  1.90  1e-02  8 | 0.264 -0.011  1.78  2.24  2.32 |  0.193  1.80  2.41  2.83 |  0.550  1.91  2.74  3.48 |  3.2 0.533
  6.0  1.60  1e-04  8 | 0.529 -0.154  1.87  2.54  3.02 |  0.592  1.89  2.57  3.05 |  0.951  2.00  3.00  3.96 |  8.5 0.146
  6.0  1.60  1e-03  8 | 0.651 -0.060  1.89  2.59  3.09 |  0.682  1.89  2.58  3.08 |  0.951  2.01  3.02  4.01 |  8.5 0.116
  6.0  1.60  1e-02  8 | 0.738 -0.085  1.91  2.62  3.13 |  0.860  1.91  2.61  3.09 |  0.868  1.98  2.94  3.84 |  8.6 0.076
  6.0  1.75  1e-04  8 | 0.379 -0.004  1.84  2.50  3.00 |  0.463  1.81  2.42  2.85 |  0.884  1.96  2.87  3.72 |  5.1 0.319
  6.0  1.75  1e-03  8 | 0.422 -0.039  1.86  2.55  3.07 |  0.508  1.80  2.37  2.74 |  0.894  1.96  2.87  3.70 |  4.9 0.286
  6.0  1.75  1e-02  8 | 0.467 -0.041  1.85  2.50  2.93 |  0.576  1.76  2.25  2.48 |  0.810  1.95  2.84  3.66 |  4.9 0.211
  6.0  1.90  1e-04  8 | 0.284 +0.007  1.89  2.62  3.19 |  0.378  1.80  2.40  2.82 |  0.793  1.95  2.83  3.64 |  3.6 0.535
  6.0  1.90  1e-03  8 | 0.336 -0.002  1.89  2.62  3.18 |  0.396  1.79  2.39  2.80 |  0.782  1.95  2.86  3.71 |  3.8 0.454
  6.0  1.90  1e-02  8 | 0.397 -0.014  1.90  2.64  3.20 |  0.380  1.81  2.44  2.91 |  0.761  1.94  2.81  3.62 |  3.7 0.365
